zadej obsah promenne "$what"
	what neni prvocislo11