string
1string
12string
123string
1234string
12345string
123456string
1234567string
12345678string
123456789string
12345678910